<testsuites id="" name="" tests="2" failures="2" skipped="0" errors="0" time="68.417791">
<testsuite name="e2e/stripe-billing.spec.ts" timestamp="2026-02-12T22:19:26.802Z" hostname="chromium" tests="2" failures="2" skipped="0" time="126.661" errors="0">
<testcase name="Stripe Billing E2E Flow › Complete Stripe checkout flow and verify wallet balance" classname="e2e/stripe-billing.spec.ts" time="64.389">
<failure message="stripe-billing.spec.ts:43:9 Complete Stripe checkout flow and verify wallet balance" type="FAILURE">
<![CDATA[  [chromium] › e2e/stripe-billing.spec.ts:43:9 › Stripe Billing E2E Flow › Complete Stripe checkout flow and verify wallet balance 

    Test timeout of 60000ms exceeded.

    Error: page.fill: Test timeout of 60000ms exceeded.
    Call log:
      - waiting for locator('input[name="email"]')


      54 |
      55 |         // Fill login credentials - use name attributes as actual page doesn't use type="email"
    > 56 |         await page.fill('input[name="email"]', TEST_EMAIL);
         |                    ^
      57 |         await page.fill('input[name="password"]', TEST_PASSWORD);
      58 |         
      59 |         // Wait a moment for any UI to stabilize
        at /Users/mac/Desktop/Callwaiting-AI-Voxanne-2026/tests/e2e/stripe-billing.spec.ts:56:20

    attachment #1: screenshot (image/png) ──────────────────────────────────────────────────────────
    ../test-results/e2e-stripe-billing-Stripe--01fad-w-and-verify-wallet-balance-chromium/test-failed-1.png
    ────────────────────────────────────────────────────────────────────────────────────────────────

    attachment #2: video (video/webm) ──────────────────────────────────────────────────────────────
    ../test-results/e2e-stripe-billing-Stripe--01fad-w-and-verify-wallet-balance-chromium/video.webm
    ────────────────────────────────────────────────────────────────────────────────────────────────

    Error Context: ../test-results/e2e-stripe-billing-Stripe--01fad-w-and-verify-wallet-balance-chromium/error-context.md
]]>
</failure>
<system-out>
<![CDATA[🚀 Starting Stripe Billing E2E Test...
📝 Step 1: Logging in...

[[ATTACHMENT|e2e-stripe-billing-Stripe--01fad-w-and-verify-wallet-balance-chromium/test-failed-1.png]]

[[ATTACHMENT|e2e-stripe-billing-Stripe--01fad-w-and-verify-wallet-balance-chromium/video.webm]]

[[ATTACHMENT|e2e-stripe-billing-Stripe--01fad-w-and-verify-wallet-balance-chromium/error-context.md]]
]]>
</system-out>
</testcase>
<testcase name="Stripe Billing E2E Flow › Should handle Stripe payment failure gracefully" classname="e2e/stripe-billing.spec.ts" time="62.272">
<failure message="stripe-billing.spec.ts:206:9 Should handle Stripe payment failure gracefully" type="FAILURE">
<![CDATA[  [chromium] › e2e/stripe-billing.spec.ts:206:9 › Stripe Billing E2E Flow › Should handle Stripe payment failure gracefully 

    Test timeout of 60000ms exceeded.

    Error: locator.click: Test timeout of 60000ms exceeded.
    Call log:
      - waiting for locator('button:has-text("Add Funds"), button:has-text("Top Up")').first()


      216 |         // Click Add Funds
      217 |         const topUpButton = page.locator('button:has-text("Add Funds"), button:has-text("Top Up")').first();
    > 218 |         await topUpButton.click();
          |                           ^
      219 |         await page.waitForTimeout(2000);
      220 |
      221 |         // Use declining test card
        at /Users/mac/Desktop/Callwaiting-AI-Voxanne-2026/tests/e2e/stripe-billing.spec.ts:218:27

    attachment #1: screenshot (image/png) ──────────────────────────────────────────────────────────
    ../test-results/e2e-stripe-billing-Stripe--1791c--payment-failure-gracefully-chromium/test-failed-1.png
    ────────────────────────────────────────────────────────────────────────────────────────────────

    attachment #2: video (video/webm) ──────────────────────────────────────────────────────────────
    ../test-results/e2e-stripe-billing-Stripe--1791c--payment-failure-gracefully-chromium/video.webm
    ────────────────────────────────────────────────────────────────────────────────────────────────

    Error Context: ../test-results/e2e-stripe-billing-Stripe--1791c--payment-failure-gracefully-chromium/error-context.md
]]>
</failure>
<system-out>
<![CDATA[🚀 Starting Stripe Payment Failure Test...

[[ATTACHMENT|e2e-stripe-billing-Stripe--1791c--payment-failure-gracefully-chromium/test-failed-1.png]]

[[ATTACHMENT|e2e-stripe-billing-Stripe--1791c--payment-failure-gracefully-chromium/video.webm]]

[[ATTACHMENT|e2e-stripe-billing-Stripe--1791c--payment-failure-gracefully-chromium/error-context.md]]
]]>
</system-out>
</testcase>
</testsuite>
</testsuites>